// Jest Snapshot v1, https://goo.gl/fbAQLP

exports[`About Component matches snapshot 1`] = `
<DocumentFragment>
  <div
    class="about-body"
  >
    <div
      class="icons-menu"
    >
      <div
        style="height: 3rem;"
      />
      <div
        class="icon"
      >
        <img
          alt="About"
          src="test-file-stub"
        />
        <span>
          About
        </span>
      </div>
      <div
        class="buffer"
      />
      <div
        class="icon"
      >
        <img
          alt="Home"
          src="test-file-stub"
        />
        <span>
          Home
        </span>
      </div>
      <div
        class="buffer"
      />
      <div
        class="icon"
      >
        <img
          alt="Music Gallery"
          src="test-file-stub"
        />
        <span>
          Music Gallery
        </span>
      </div>
      <div
        class="buffer"
      />
      <div
        class="icon"
      >
        <img
          alt="Upload new song"
          src="test-file-stub"
        />
        <span>
          Upload new song
        </span>
      </div>
      <div
        class="buffer"
      />
      <div
        class="icon"
      >
        <img
          alt="Internet Explorer"
          src="test-file-stub"
        />
        <span>
          Internet Explorer
        </span>
      </div>
    </div>
    <div
      class="space"
    />
    <div
      class="draggable-aboutWindow react-draggable"
      style="transform: translate(420px,0px);"
    >
      <div
        class="sc-lcIQwB brMtzx about-window"
      >
        <div
          class="sc-jxOSYQ cXImuS about-window-header"
        >
          <span>
            About TripleF Music
          </span>
          <button
            class="sc-dcJtft gGzOWQ"
            type="button"
            variant="default"
          >
            <span
              class="about-close-icon"
            />
          </button>
        </div>
        <div
          class="sc-fhzEvr heDfsD about-window-content"
        >
          <div
            class="sc-dhKdPU gySDZy"
            style="height: 550px;"
          >
            <div
              class="sc-kpDprT dqFqDm"
            >
              <div
                class="about-wrapper"
              >
                <div
                  class="sc-bbSYpP cmzDSq about-section"
                  variant="well"
                >
                  <h2
                    class="about-header"
                  >
                    About us!
                  </h2>
                  <div
                    class="sc-dhKdPU gySDZy about-text"
                  >
                    <div
                      class="sc-kpDprT dqFqDm"
                    >
                      <p>
                        Welcome to TripleF Music! We are a passionate team of three students from HFT Stuttgart, dedicated to bringing you a unique and engaging music experience. Our journey began with a shared love for music and technology, driving us to create a platform where users can explore, discover, and enjoy music in an oldschool and exciting way. Join us on our journey to revolutionize the way you experience music.
                      </p>
                    </div>
                  </div>
                </div>
                <div
                  class="sc-bbSYpP cmzDSq about-section"
                  variant="well"
                >
                  <h2
                    class="about-header"
                  >
                    Our vision and goal
                  </h2>
                  <div
                    class="sc-dhKdPU gySDZy about-text"
                  >
                    <div
                      class="sc-kpDprT dqFqDm"
                    >
                      <p>
                        We aim to bring back the old-school nostalgia, giving users a delightful time-travel experience to the days when life was simpler and music had that special charm. Our main goal? Well, it's to pass our module, to be honest! But hey, a bit of creativity and fun never hurt anyone, right? We're here to combine our passion for retro vibes with modern technology, crafting a unique platform that makes discovering and enjoying music feel like a nostalgic adventure. Join us on this whimsical journey as we blend the best of the past with the present!
                      </p>
                    </div>
                  </div>
                </div>
                <div
                  class="sc-bbSYpP cmzDSq about-section"
                  variant="well"
                >
                  <h2
                    class="about-header"
                  >
                    Our team
                  </h2>
                  <div
                    class="sc-dhKdPU gySDZy team-cutout"
                  >
                    <div
                      class="sc-kpDprT dqFqDm"
                    >
                      <div
                        class="team-member"
                      >
                        <img
                          alt="Fatima"
                          src="test-file-stub"
                        />
                        <p>
                          Fatima
                        </p>
                      </div>
                      <div
                        class="team-member"
                      >
                        <img
                          alt="Funda"
                          src="test-file-stub"
                        />
                        <p>
                          Funda
                        </p>
                      </div>
                      <div
                        class="team-member"
                      >
                        <img
                          alt="Fiona"
                          src="test-file-stub"
                        />
                        <p>
                          Fiona
                        </p>
                      </div>
                    </div>
                  </div>
                </div>
                <div
                  class="sc-bbSYpP cmzDSq about-section"
                  variant="well"
                >
                  <h2
                    class="about-header"
                  >
                    Our motivation
                  </h2>
                  <div
                    class="sc-dhKdPU gySDZy"
                  >
                    <div
                      class="sc-kpDprT dqFqDm"
                    >
                      <div
                        class="tooltip-button"
                      >
                        <button
                          class="sc-dcJtft gGzOWQ"
                          type="button"
                          variant="default"
                        >
                          Matze
                        </button>
                      </div>
                    </div>
                  </div>
                </div>
                <div
                  class="sc-bbSYpP cmzDSq about-section"
                  variant="well"
                >
                  <h2
                    class="about-header"
                  >
                    Contact
                  </h2>
                  <div
                    class="sc-dhKdPU gySDZy contact-cutout"
                  >
                    <div
                      class="sc-kpDprT dqFqDm"
                    >
                      <p>
                        Email: info@triplefmusic.de
                      </p>
                      <p>
                        Telefon: +49 171 56920382
                      </p>
                    </div>
                  </div>
                </div>
              </div>
            </div>
          </div>
        </div>
      </div>
    </div>
  </div>
</DocumentFragment>
`;
